The MPI test test_mpi for Fortran in mode F08_MODULE failed to compile with the following output:
Change Dir: /home/garaujor/OpenSees-CUDA/build-mp/Release/CMakeFiles/CMakeTmp

Run Build Command(s):/usr/bin/ninja cmTC_7fc19 && [1/4] Building Fortran preprocessed CMakeFiles/cmTC_7fc19.dir/test_mpi.f90-pp.f90
[2/4] Generating Fortran dyndep file CMakeFiles/cmTC_7fc19.dir/Fortran.dd
[3/4] Building Fortran object CMakeFiles/cmTC_7fc19.dir/test_mpi.f90.o
FAILED: CMakeFiles/cmTC_7fc19.dir/test_mpi.f90.o 
/usr/bin/gfortran -I/home/garaujor/OpenSees-CUDA/build-mp/Release/CMakeFiles/FindMPI -I/opt/intel/oneapi/mpi/2021.16/include/mpi/gfortran/11.1.0 -I/opt/intel/oneapi/mpi/2021.16/include -I/opt/intel/oneapi/mpi/2021.16/include/mpi -fpreprocessed -c CMakeFiles/cmTC_7fc19.dir/test_mpi.f90-pp.f90 -o CMakeFiles/cmTC_7fc19.dir/test_mpi.f90.o
f951: Fatal Error: Reading module ‘/opt/intel/oneapi/mpi/2021.16/include/mpi/mpi_f08.mod’ at line 1 column 2: Unexpected EOF
compilation terminated.
ninja: build stopped: subcommand failed.



Determining if the Fortran sgemm exists failed with the following output:
Change Dir: /home/garaujor/OpenSees-CUDA/build-mp/Release/CMakeFiles/CMakeTmp

Run Build Command(s):/usr/bin/ninja cmTC_b1aa4 && [1/4] Building Fortran preprocessed CMakeFiles/cmTC_b1aa4.dir/testFortranCompiler.f-pp.f
[2/4] Generating Fortran dyndep file CMakeFiles/cmTC_b1aa4.dir/Fortran.dd
[3/4] Building Fortran object CMakeFiles/cmTC_b1aa4.dir/testFortranCompiler.f.o
[4/4] Linking Fortran executable cmTC_b1aa4
FAILED: cmTC_b1aa4 
: && /usr/bin/gfortran -static-libgcc -static-libstdc++  CMakeFiles/cmTC_b1aa4.dir/testFortranCompiler.f.o -o cmTC_b1aa4   && :
/usr/bin/ld: CMakeFiles/cmTC_b1aa4.dir/testFortranCompiler.f.o: in function `MAIN__':
testFortranCompiler.f:(.text+0xa): undefined reference to `sgemm_'
collect2: error: ld returned 1 exit status
ninja: build stopped: subcommand failed.



The MPI test test_mpi for Fortran in mode F08_MODULE failed to compile with the following output:
Change Dir: /home/garaujor/OpenSees-CUDA/build-mp/Release/CMakeFiles/CMakeTmp

Run Build Command(s):/usr/bin/ninja cmTC_ec8bb && [1/4] Building Fortran preprocessed CMakeFiles/cmTC_ec8bb.dir/test_mpi.f90-pp.f90
[2/4] Generating Fortran dyndep file CMakeFiles/cmTC_ec8bb.dir/Fortran.dd
[3/4] Building Fortran object CMakeFiles/cmTC_ec8bb.dir/test_mpi.f90.o
FAILED: CMakeFiles/cmTC_ec8bb.dir/test_mpi.f90.o 
/usr/bin/gfortran -I/home/garaujor/OpenSees-CUDA/build-mp/Release/CMakeFiles/FindMPI -I/opt/intel/oneapi/mpi/2021.16/include/mpi/gfortran/11.1.0 -I/opt/intel/oneapi/mpi/2021.16/include -I/opt/intel/oneapi/mpi/2021.16/include/mpi -fpreprocessed -c CMakeFiles/cmTC_ec8bb.dir/test_mpi.f90-pp.f90 -o CMakeFiles/cmTC_ec8bb.dir/test_mpi.f90.o
f951: Fatal Error: Reading module ‘/opt/intel/oneapi/mpi/2021.16/include/mpi/mpi_f08.mod’ at line 1 column 2: Unexpected EOF
compilation terminated.
ninja: build stopped: subcommand failed.



